module SameNameOnlyTypeUsed where

import Language.Haskell.Exts (Module         )

foo :: Module ()
foo = undefined
