module MultipleOuterEntriesRemoved where

import Language.Haskell.Exts (Module(Module)
                             )

foo = Module
