module MultipleInnerEntriesRemoved where

import Language.Haskell.Exts (Exp(    Con)    )

foo = Con
