module UniversumBoolType where

import           Prelude   (Bool)
import           Universum hiding (Bool      )

foo :: Bool
foo = undefined
