module UniversumTrueHidingUnused where

import           Prelude   (Bool (True))
import           Universum hiding (Bool             )

foo :: Bool
foo = True
bar = undefined
