module Sandbox where

import           Prelude   (Bool (True))

foo :: Bool
foo = True
