module LibraryUnused where


main :: IO ()
main = pure ()
