module ImportifyUnused where


main :: IO ()
main = pure ()
