module ImportBothUsedUnqualified where

import           Language.Haskell.Names (symbolName)

main = symbolName
