{-# LANGUAGE RecordWildCards #-}

module RecordWildCardExtraUsed where

import           Language.Haskell.Names (Symbol (Value, symbolModule, symbolName))

foo Value{..} = symbolName
