module BoolBoolUsed where

import           Data.Bool (bool)

func = bool
