module IOPutStrLnUnused where


main :: IO ()
main = pure ()
