module BoolMultipleMix where

import Data.Bool (not)

func = not
