module HidingUsed where

import           Data.List   (delete)
import           GHC.OldList hiding (delete)

func = delete
fun' = sort
