module HidingsUnusedButModuleUsed where

import           Data.List

bar = subsequences
