module HidingSameModuleSameSymbol where

import           Data.List (sort)

foo = sort
