module HidingMultipleUnused where

import           GHC.OldList (sort)

foo = sort
