module HidingRemovedWhenExported (module Data.List) where

import           Data.List hiding (sort)
