module HidingPartiallyUnused where

import           Data.List   hiding (sort         )
import           GHC.OldList (sort)

foo = sort
bar = subsequences
