module BoolOneConstructorUnused where

import Data.Bool (Bool(False)      )

func :: Bool
func = False
