module BoolOnlyTypeUsed where

import Data.Bool (Bool       )

func :: Bool
func = undefined
