module BoolWithAllUsed where
import Data.Bool (Bool(..))
func :: Bool
func = True
