module BoolWithAllOnlyConstructorUsed where

import Data.Bool (Bool(..))

func = True
