module BoolWithAllOnlyTypeUsed where

import Data.Bool (Bool(..))

func :: Bool
fun = undefined
