module MonadOnlyInstances where

import Control.Monad ()

main :: IO ()
main = pure ()
