module IOQualifiedUnused where


main :: IO ()
main = pure ()
