module IOImplicitQualifiedUsed where

import System.IO as IO (putStrLn)

main :: IO ()
main = putStrLn "test"
