module IOImplicitQualifiedUnused where


main :: IO ()
main = pure ()
