module IOFullyQualifiedUnused where


main :: IO ()
main = pure ()
