module IOFullyQualfiedAllUsed where

import qualified System.IO

main :: IO ()
main = System.IO.putStrLn "test"
