module IOFullyQualfiedAllUnused where


main = return ()
