module IOAsQualifiedUsed where

import qualified System.IO as IO

main :: IO ()
main = IO.putStrLn "test"
