module ListAsQualifiedWholeUnused where


main :: IO ()
main = pure ()
