module ExportFunctionExplicit (sort) where

import           Data.List (sort)
