module ExportFunctionImplicit (sort) where

import           Data.List
