module ExportBoolPartially (Bool (True)) where

import           Data.Bool (Bool (       True))
