module ExportModuleImplicit (module Data.List) where

import           Data.List
