module ListImplicitQualifiedAllUsed where

import           Data.List as L

foo = sort
